=== COORDINATION CONTINUE DÉMARRÉE ===
[2026-10-10 15:21:26] Tour de coordination...
=== COORDINATION CONTINUE DÉMARRÉE ===
[2026-10-10 15:22:22] Tour de coordination...
--- RÉSUMÉ 2026-10-10 15:22:22 ---
  A : ## 2026-10-10 13:56
  B : ## 2026-10-10 13:59
  C : ## 2026-10-10 — POINT BLOQUANT LEVÉ : `Assets._DecorLib` EXISTE
  E : ## 2026-10-10 14:31
  F : ## 2026-10-10 14:34
  G : VIDE
  H : VIDE
  I : ## 2026-10-10 15:30
  J : VIDE
  K : ## 2026-10-10 16:30
  L : VIDE
  M : ## 2026-10-10 15:30
  N : ## 2026-10-10 16:15
=== Prochain tour dans 60s ===
[2026-10-10 15:23:41] Tour de coordination...
--- RÉSUMÉ 2026-10-10 15:23:41 ---
  A : ## 2026-10-10 13:56
  B : ## 2026-10-10 13:59
  C : ## 2026-10-10 — POINT BLOQUANT LEVÉ : `Assets._DecorLib` EXISTE
  E : ## 2026-10-10 14:31
  F : ## 2026-10-10 14:34
  G : VIDE
  H : VIDE
  I : ## 2026-10-10 15:30
  J : VIDE
  K : ## 2026-10-10 16:30
  L : VIDE
  M : ## 2026-10-10 15:30
  N : ## 2026-10-10 16:15
=== Prochain tour dans 60s ===
[2026-10-10 15:24:50] Tour de coordination...
--- RÉSUMÉ 2026-10-10 15:24:50 ---
  A : ## 2026-10-10 13:56
  B : ## 2026-10-10 13:59
  C : ## 2026-10-10 — POINT BLOQUANT LEVÉ : `Assets._DecorLib` EXISTE
  E : ## 2026-10-10 14:31
  F : ## 2026-10-10 14:34
  G : VIDE
  H : VIDE
  I : ## 2026-10-10 15:30
  J : VIDE
  K : ## 2026-10-10 16:30
  L : VIDE
  M : ## 2026-10-10 15:30
  N : ## 2026-10-10 16:15
=== Prochain tour dans 60s ===
[2026-10-10 15:25:58] Tour de coordination...
--- RÉSUMÉ 2026-10-10 15:25:58 ---
  A : ## 2026-10-10 13:56
  B : ## 2026-10-10 13:59
  C : ## 2026-10-10 — POINT BLOQUANT LEVÉ : `Assets._DecorLib` EXISTE
  E : ## 2026-10-10 14:31
  F : ## 2026-10-10 14:34
  G : ## 2026-10-10 15:42
  H : VIDE
  I : ## 2026-10-10 15:30
  J : VIDE
  K : ## 2026-10-10 16:30
  L : VIDE
  M : ## 2026-10-10 15:30
  N : ## 2026-10-10 16:15
=== Prochain tour dans 60s ===
[2026-10-10 15:27:04] Tour de coordination...
--- RÉSUMÉ 2026-10-10 15:27:04 ---
  A : ## 2026-10-10 13:56
  B : ## 2026-10-10 13:59
  C : ## 2026-10-10 — POINT BLOQUANT LEVÉ : `Assets._DecorLib` EXISTE
  E : ## 2026-10-10 14:31
  F : ## 2026-10-10 14:34
  G : ## 2026-10-10 15:42
  H : VIDE
  I : ## 2026-10-10 15:30
  J : VIDE
  K : ## 2026-10-10 16:30
  L : VIDE
  M : ## 2026-10-10 15:30
  N : ## 2026-10-10 16:15
=== Prochain tour dans 60s ===
[2026-10-10 15:28:13] Tour de coordination...
--- RÉSUMÉ 2026-10-10 15:28:13 ---
  A : ## 2026-10-10 13:56
  B : ## 2026-10-10 13:59
  C : ## 2026-10-10 — POINT BLOQUANT LEVÉ : `Assets._DecorLib` EXISTE
  E : ## 2026-10-10 14:31
  F : ## 2026-10-10 14:34
  G : ## 2026-10-10 15:42
  H : VIDE
  I : ## 2026-10-10 15:30
  J : VIDE
  K : ## 2026-10-10 16:30
  L : VIDE
  M : ## 2026-10-10 15:30
  N : ## 2026-10-10 16:15
=== Prochain tour dans 60s ===
[2026-10-10 15:29:27] Tour de coordination...
--- RÉSUMÉ 2026-10-10 15:29:27 ---
  A : ## 2026-10-10 13:56
  B : ## 2026-10-10 13:59
  C : ## 2026-10-10 — POINT BLOQUANT LEVÉ : `Assets._DecorLib` EXISTE
  E : ## 2026-10-10 14:31
  F : ## 2026-10-10 14:34
  G : ## 2026-10-10 15:42
  H : VIDE
  I : ## 2026-10-10 15:30
  J : VIDE
  K : ## 2026-10-10 17:00
  L : VIDE
  M : ## 2026-10-10 15:30
  N : ## 2026-10-10 16:35
=== Prochain tour dans 60s ===
[2026-10-10 15:30:39] Tour de coordination...
--- RÉSUMÉ 2026-10-10 15:30:39 ---
  A : ## 2026-10-10 13:56
  B : ## 2026-10-10 13:59
  C : ## 2026-10-10 — POINT BLOQUANT LEVÉ : `Assets._DecorLib` EXISTE
  E : ## 2026-10-10 14:31
  F : ## 2026-10-10 14:34
  G : ## 2026-10-10 16:15
  H : VIDE
  I : ## 2026-10-10 15:45
  J : VIDE
  K : ## 2026-10-10 17:15
  L : VIDE
  M : ## 2026-10-10 15:30
  N : ## 2026-10-10 17:05
=== Prochain tour dans 60s ===
[2026-10-10 15:31:52] Tour de coordination...
--- RÉSUMÉ 2026-10-10 15:31:52 ---
  A : ## 2026-10-10 13:56
  B : ## 2026-10-10 13:59
  C : ## 2026-10-10 — POINT BLOQUANT LEVÉ : `Assets._DecorLib` EXISTE
  E : ## 2026-10-10 14:31
  F : ## 2026-10-10 14:34
  G : ## 2026-10-10 16:15
  H : ## 2026-10-10 15:45
  I : ## 2026-10-10 16:00
  J : VIDE
  K : ## 2026-10-10 17:30
  L : VIDE
  M : ## 2026-10-10 16:45
  N : ## 2026-10-10 17:05
=== Prochain tour dans 60s ===
[2026-10-10 15:33:04] Tour de coordination...
--- RÉSUMÉ 2026-10-10 15:33:04 ---
  A : ## 2026-10-10 13:56
  B : ## 2026-10-10 13:59
  C : ## 2026-10-10 — POINT BLOQUANT LEVÉ : `Assets._DecorLib` EXISTE
  E : ## 2026-10-10 14:31
  F : ## 2026-10-10 14:34
  G : ## 2026-10-10 16:15
  H : ## 2026-10-10 15:45
  I : ## 2026-10-10 16:00
  J : VIDE
  K : ## 2026-10-10 17:30
  L : ## 2026-10-10 15:42
  M : ## 2026-10-10 16:45
  N : ## 2026-10-10 17:05
=== Prochain tour dans 60s ===
[2026-10-10 15:34:10] Tour de coordination...
--- RÉSUMÉ 2026-10-10 15:34:10 ---
  A : ## 2026-10-10 13:56
  B : ## 2026-10-10 13:59
  C : ## 2026-10-10 — POINT BLOQUANT LEVÉ : `Assets._DecorLib` EXISTE
  E : ## 2026-10-10 14:31
  F : ## 2026-10-10 14:34
  G : ## 2026-10-10 16:15
  H : ## 2026-10-10 15:45
  I : ## 2026-10-10 16:00
  J : VIDE
  K : ## 2026-10-10 17:30
  L : ## 2026-10-10 15:42
  M : ## 2026-10-10 16:45
  N : ## 2026-10-10 17:05
=== Prochain tour dans 60s ===
[2026-10-10 15:35:15] Tour de coordination...
--- RÉSUMÉ 2026-10-10 15:35:15 ---
  A : ## 2026-10-10 13:56
  B : ## 2026-10-10 13:59
  C : ## 2026-10-10 — POINT BLOQUANT LEVÉ : `Assets._DecorLib` EXISTE
  E : ## 2026-10-10 14:31
  F : ## 2026-10-10 14:34
  G : ## 2026-10-10 16:15
  H : ## 2026-10-10 15:45
  I : ## 2026-10-10 16:00
  J : VIDE
  K : ## 2026-10-10 17:45
  L : ## 2026-10-10 15:42
  M : ## 2026-10-10 16:45
  N : ## 2026-10-10 17:05
=== Prochain tour dans 60s ===
[2026-10-10 15:36:21] Tour de coordination...
--- RÉSUMÉ 2026-10-10 15:36:21 ---
  A : ## 2026-10-10 13:56
  B : ## 2026-10-10 13:59
  C : ## 2026-10-10 — POINT BLOQUANT LEVÉ : `Assets._DecorLib` EXISTE
  E : ## 2026-10-10 14:31
  F : ## 2026-10-10 14:34
  G : ## 2026-10-10 16:15
  H : ## 2026-10-10 15:45
  I : ## 2026-10-10 16:00
  J : VIDE
  K : ## 2026-10-10 17:45
  L : ## 2026-10-10 15:42
  M : ## 2026-10-10 17:10
  N : ## 2026-10-10 17:30
=== Prochain tour dans 60s ===
[2026-10-10 15:37:31] Tour de coordination...
--- RÉSUMÉ 2026-10-10 15:37:31 ---
  A : ## 2026-10-10 13:56
  B : ## 2026-10-10 13:59
  C : ## 2026-10-10 — POINT BLOQUANT LEVÉ : `Assets._DecorLib` EXISTE
  E : ## 2026-10-10 14:31
  F : ## 2026-10-10 14:34
  G : ## 2026-10-10 16:45
  H : ## 2026-10-10 16:20
  I : ## 2026-10-10 16:00
  J : VIDE
  K : ## 2026-10-10 17:45
  L : ## 2026-10-10 16:15
  M : ## 2026-10-10 18:00
  N : ## 2026-10-10 17:30
=== Prochain tour dans 60s ===
[2026-10-10 15:38:46] Tour de coordination...
--- RÉSUMÉ 2026-10-10 15:38:46 ---
  A : ## 2026-10-10 13:56
  B : ## 2026-10-10 13:59
  C : ## 2026-10-10 — POINT BLOQUANT LEVÉ : `Assets._DecorLib` EXISTE
  E : ## 2026-10-10 14:31
  F : ## 2026-10-10 14:34
  G : ## 2026-10-10 16:45
  H : ## 2026-10-10 16:20
  I : ## 2026-10-10 16:15
  J : VIDE
  K : ## 2026-10-10 18:00
  L : ## 2026-10-10 16:15
  M : ## 2026-10-10 18:00
  N : ## 2026-10-10 18:15
=== Prochain tour dans 60s ===
[2026-10-10 15:40:00] Tour de coordination...
--- RÉSUMÉ 2026-10-10 15:40:00 ---
  A : ## 2026-10-10 13:56
  B : ## 2026-10-10 13:59
  C : ## 2026-10-10 — POINT BLOQUANT LEVÉ : `Assets._DecorLib` EXISTE
  E : ## 2026-10-10 14:31
  F : ## 2026-10-10 14:34
  G : ## 2026-10-10 16:45
  H : ## 2026-10-10 16:20
  I : ## 2026-10-10 16:15
  J : VIDE
  K : ## 2026-10-10 18:00
  L : ## 2026-10-10 16:15
  M : ## NOUVEAU PLAN M — QA INFRASTRUCTURE LEAD MMORPG (12 SEMAINES)
  N : ## 2026-10-10 18:15
=== Prochain tour dans 60s ===
[2026-10-10 15:41:06] Tour de coordination...
--- RÉSUMÉ 2026-10-10 15:41:06 ---
  A : ## 2026-10-10 13:56
  B : ## 2026-10-10 13:59
  C : ## 2026-10-10 — POINT BLOQUANT LEVÉ : `Assets._DecorLib` EXISTE
  E : ## 2026-10-10 14:31
  F : ## 2026-10-10 14:34
  G : ## 2026-10-10 16:45
  H : ## 2026-10-10 16:20
  I : ## 2026-10-10 16:15
  J : VIDE
  K : ## 2026-10-10 18:00
  L : ## 2026-10-10 16:15
  M : ## NOUVEAU PLAN M — QA INFRASTRUCTURE LEAD MMORPG (12 SEMAINES)
  N : ## 2026-10-10 18:15
=== Prochain tour dans 60s ===
[2026-10-10 15:42:12] Tour de coordination...
--- RÉSUMÉ 2026-10-10 15:42:12 ---
  A : ## 2026-10-10 13:56
  B : ## 2026-10-10 13:59
  C : ## 2026-10-10 — POINT BLOQUANT LEVÉ : `Assets._DecorLib` EXISTE
  E : ## 2026-10-10 14:31
  F : ## 2026-10-10 14:34
  G : ## 2026-10-10 16:45
  H : ## 2026-10-10 16:20
  I : ## 2026-10-10 16:15
  J : VIDE
  K : ## 2026-10-10 18:00
  L : ## 2026-10-10 16:15
  M : ## NOUVEAU PLAN M — QA INFRASTRUCTURE LEAD MMORPG (12 SEMAINES)
  N : ## 2026-10-10 18:15
=== Prochain tour dans 60s ===
[2026-10-10 15:43:18] Tour de coordination...
--- RÉSUMÉ 2026-10-10 15:43:18 ---
  A : ## 2026-10-10 13:56
  B : ## 2026-10-10 13:59
  C : ## 2026-10-10 — POINT BLOQUANT LEVÉ : `Assets._DecorLib` EXISTE
  E : ## 2026-10-10 14:31
  F : ## 2026-10-10 14:34
  G : ## 2026-10-10 16:45
  H : ## 2026-10-10 16:20
  I : ## 2026-10-10 16:15
  J : VIDE
  K : ## 2026-10-10 18:00
  L : ## 2026-10-10 16:15
  M : ## NOUVEAU PLAN M — QA INFRASTRUCTURE LEAD MMORPG (12 SEMAINES)
  N : ## 2026-10-10 18:15
=== Prochain tour dans 60s ===
[2026-10-10 15:44:26] Tour de coordination...
--- RÉSUMÉ 2026-10-10 15:44:26 ---
  A : ## 2026-10-10 13:56
  B : ## 2026-10-10 13:59
  C : ## 2026-10-10 — POINT BLOQUANT LEVÉ : `Assets._DecorLib` EXISTE
  E : ## 2026-10-10 14:31
  F : ## 2026-10-10 14:34
  G : ## 2026-10-10 16:45
  H : ## 2026-10-10 16:20
  I : ## 2026-10-10 16:15
  J : VIDE
  K : ## 2026-10-10 18:00
  L : ## 2026-10-10 16:15
  M : ## NOUVEAU PLAN M — QA INFRASTRUCTURE LEAD MMORPG (12 SEMAINES)
  N : ## 2026-10-10 18:15
=== Prochain tour dans 60s ===
[2026-10-10 15:45:37] Tour de coordination...
--- RÉSUMÉ 2026-10-10 15:45:37 ---
  A : ## 2026-10-10 13:56
  B : ## 2026-10-10 13:59
  C : ## 2026-10-10 — POINT BLOQUANT LEVÉ : `Assets._DecorLib` EXISTE
  E : ## 2026-10-10 14:31
  F : ## 2026-10-10 14:34
  G : ## 2026-10-10 16:45
  H : ## 2026-10-10 16:20
  I : ## 2026-10-10 16:15
  J : ## 2026-10-10 15:42
  K : ## 2026-10-10 18:00
  L : ## 2026-10-10 16:15
  M : ## NOUVEAU PLAN M — QA INFRASTRUCTURE LEAD MMORPG (12 SEMAINES)
  N : ## 2026-10-10 18:15
=== Prochain tour dans 60s ===
[2026-10-10 15:46:51] Tour de coordination...
--- RÉSUMÉ 2026-10-10 15:46:51 ---
  A : ## 2026-10-10 13:56
  B : ## 2026-10-10 13:59
  C : ## 2026-10-10 — POINT BLOQUANT LEVÉ : `Assets._DecorLib` EXISTE
  E : ## 2026-10-10 14:31
  F : ## 2026-10-10 14:34
  G : ## 2026-10-10 16:45
  H : ## 2026-10-10 16:20
  I : ## 2026-10-10 16:15
  J : ## 2026-10-10 16:15
  K : ## 2026-10-10 18:00
  L : ## 2026-10-10 16:15
  M : ## NOUVEAU PLAN M — QA INFRASTRUCTURE LEAD MMORPG (12 SEMAINES)
  N : ## 2026-10-10 18:15
=== Prochain tour dans 60s ===
[2026-10-10 15:47:58] Tour de coordination...
--- RÉSUMÉ 2026-10-10 15:47:58 ---
  A : ## 2026-10-10 13:56
  B : ## 2026-10-10 13:59
  C : ## 2026-10-10 — POINT BLOQUANT LEVÉ : `Assets._DecorLib` EXISTE
  E : ## 2026-10-10 14:31
  F : ## 2026-10-10 14:34
  G : ## 2026-10-10 16:45
  H : ## 2026-10-10 16:20
  I : ## 2026-10-10 16:15
  J : ## 2026-10-10 16:15
  K : ## 2026-10-10 18:00
  L : ## 2026-10-10 16:15
  M : ## NOUVEAU PLAN M — QA INFRASTRUCTURE LEAD MMORPG (12 SEMAINES)
  N : ## 2026-10-10 18:15
=== Prochain tour dans 60s ===
[2026-10-10 15:49:03] Tour de coordination...
--- RÉSUMÉ 2026-10-10 15:49:03 ---
  A : ## 2026-10-10 13:56
  B : ## 2026-10-10 13:59
  C : ## 2026-10-10 — POINT BLOQUANT LEVÉ : `Assets._DecorLib` EXISTE
  E : ## 2026-10-10 14:31
  F : ## 2026-10-10 14:34
  G : ## 2026-10-10 16:45
  H : ## 2026-10-10 16:20
  I : ## 2026-10-10 16:15
  J : ## 2026-10-10 16:15
  K : ## 2026-10-10 18:00
  L : ## 2026-10-10 16:15
  M : ## NOUVEAU PLAN M — QA INFRASTRUCTURE LEAD MMORPG (12 SEMAINES)
  N : ## 2026-10-10 18:15
=== Prochain tour dans 60s ===
[2026-10-10 15:50:08] Tour de coordination...
--- RÉSUMÉ 2026-10-10 15:50:08 ---
  A : ## 2026-10-10 13:56
  B : ## 2026-10-10 13:59
  C : ## 2026-10-10 — POINT BLOQUANT LEVÉ : `Assets._DecorLib` EXISTE
  E : ## 2026-10-10 14:31
  F : ## 2026-10-10 14:34
  G : ## 2026-10-10 16:45
  H : ## 2026-10-10 16:20
  I : ## 2026-10-10 16:15
  J : ## 2026-10-10 16:15
  K : ## 2026-10-10 18:00
  L : ## 2026-10-10 16:15
  M : ## NOUVEAU PLAN M — QA INFRASTRUCTURE LEAD MMORPG (12 SEMAINES)
  N : ## 2026-10-10 18:15
=== Prochain tour dans 60s ===
[2026-10-10 15:51:13] Tour de coordination...
--- RÉSUMÉ 2026-10-10 15:51:13 ---
  A : ## 2026-10-10 13:56
  B : ## 2026-10-10 13:59
  C : ## 2026-10-10 — POINT BLOQUANT LEVÉ : `Assets._DecorLib` EXISTE
  E : ## 2026-10-10 14:31
  F : ## 2026-10-10 14:34
  G : ## 2026-10-10 16:45
  H : ## 2026-10-10 16:20
  I : ## 2026-10-10 16:15
  J : ## 2026-10-10 16:15
  K : ## 2026-10-10 18:00
  L : ## 2026-10-10 16:15
  M : ## NOUVEAU PLAN M — QA INFRASTRUCTURE LEAD MMORPG (12 SEMAINES)
  N : ## 2026-10-10 18:15
=== Prochain tour dans 60s ===
[2026-10-10 15:52:19] Tour de coordination...
--- RÉSUMÉ 2026-10-10 15:52:19 ---
  A : ## 2026-10-10 13:56
  B : ## 2026-10-10 13:59
  C : ## 2026-10-10 — POINT BLOQUANT LEVÉ : `Assets._DecorLib` EXISTE
  E : ## 2026-10-10 14:31
  F : ## 2026-10-10 14:34
  G : ## 2026-10-10 16:45
  H : ## 2026-10-10 16:20
  I : ## 2026-10-10 16:15
  J : ## 2026-10-10 16:15
  K : ## 2026-10-10 18:00
  L : ## 2026-10-10 16:15
  M : ## NOUVEAU PLAN M — QA INFRASTRUCTURE LEAD MMORPG (12 SEMAINES)
  N : ## 2026-10-10 18:15
=== Prochain tour dans 60s ===
[2026-10-10 15:53:24] Tour de coordination...
--- RÉSUMÉ 2026-10-10 15:53:24 ---
  A : ## 2026-10-10 13:56
  B : ## 2026-10-10 13:59
  C : ## 2026-10-10 — POINT BLOQUANT LEVÉ : `Assets._DecorLib` EXISTE
  E : ## 2026-10-10 14:31
  F : ## 2026-10-10 14:34
  G : ## 2026-10-10 16:45
  H : ## 2026-10-10 16:20
  I : ## 2026-10-10 16:15
  J : ## 2026-10-10 16:15
  K : ## 2026-10-10 18:00
  L : ## 2026-10-10 16:15
  M : ## NOUVEAU PLAN M — QA INFRASTRUCTURE LEAD MMORPG (12 SEMAINES)
  N : ## 2026-10-10 18:15
=== Prochain tour dans 60s ===
[2026-10-10 15:54:31] Tour de coordination...
--- RÉSUMÉ 2026-10-10 15:54:31 ---
  A : ## 2026-10-10 13:56
  B : ## 2026-10-10 13:59
  C : ## 2026-10-10 — POINT BLOQUANT LEVÉ : `Assets._DecorLib` EXISTE
  E : ## 2026-10-10 14:31
  F : ## 2026-10-10 14:34
  G : ## 2026-10-10 16:45
  H : ## 2026-10-10 16:20
  I : ## 2026-10-10 16:15
  J : ## 2026-10-10 16:15
  K : ## 2026-10-10 18:00
  L : ## 2026-10-10 16:15
  M : ## NOUVEAU PLAN M — QA INFRASTRUCTURE LEAD MMORPG (12 SEMAINES)
  N : ## 2026-10-10 18:15
=== Prochain tour dans 60s ===
[2026-10-10 15:55:38] Tour de coordination...
--- RÉSUMÉ 2026-10-10 15:55:38 ---
  A : ## 2026-10-10 13:56
  B : ## 2026-10-10 13:59
  C : ## 2026-10-10 — POINT BLOQUANT LEVÉ : `Assets._DecorLib` EXISTE
  E : ## 2026-10-10 14:31
  F : ## 2026-10-10 14:34
  G : ## 2026-10-10 16:45
  H : ## 2026-10-10 16:20
  I : ## 2026-10-10 16:15
  J : ## 2026-10-10 16:15
  K : ## 2026-10-10 18:00
  L : ## 2026-10-10 16:15
  M : ## NOUVEAU PLAN M — QA INFRASTRUCTURE LEAD MMORPG (12 SEMAINES)
  N : ## 2026-10-10 18:15
=== Prochain tour dans 60s ===
[2026-10-10 15:56:44] Tour de coordination...
--- RÉSUMÉ 2026-10-10 15:56:44 ---
  A : ## 2026-10-10 13:56
  B : ## 2026-10-10 13:59
  C : ## 2026-10-10 — POINT BLOQUANT LEVÉ : `Assets._DecorLib` EXISTE
  E : ## 2026-10-10 14:31
  F : ## 2026-10-10 14:34
  G : ## 2026-10-10 16:45
  H : ## 2026-10-10 16:20
  I : ## 2026-10-10 16:15
  J : ## 2026-10-10 16:15
  K : ## 2026-10-10 18:00
  L : ## 2026-10-10 16:15
  M : ## NOUVEAU PLAN M — QA INFRASTRUCTURE LEAD MMORPG (12 SEMAINES)
  N : ## 2026-10-10 18:15
=== Prochain tour dans 60s ===
[2026-10-10 15:57:49] Tour de coordination...
--- RÉSUMÉ 2026-10-10 15:57:49 ---
  A : ## 2026-10-10 13:56
  B : ## 2026-10-10 13:59
  C : ## 2026-10-10 — POINT BLOQUANT LEVÉ : `Assets._DecorLib` EXISTE
  E : ## 2026-10-10 14:31
  F : ## 2026-10-10 14:34
  G : ## 2026-10-10 17:00
  H : ## 2026-10-10 16:20
  I : ## 2026-10-10 16:15
  J : ## 2026-10-10 16:42
  K : ## 2026-10-10 18:00
  L : ## 2026-10-10 16:20
  M : ## 2026-10-10 19:30
  N : ## 2026-10-10 18:15
=== Prochain tour dans 60s ===
[2026-10-10 15:58:56] Tour de coordination...
--- RÉSUMÉ 2026-10-10 15:58:56 ---
  A : ## 2026-10-10 13:56
  B : ## 2026-10-10 13:59
  C : ## 2026-10-10 — POINT BLOQUANT LEVÉ : `Assets._DecorLib` EXISTE
  E : ## 2026-10-10 14:31
  F : ## 2026-10-10 14:34
  G : ## 2026-10-10 17:00
  H : ## 2026-10-10 16:20
  I : ## 2026-10-10 16:15
  J : ## 2026-10-10 16:42
  K : ## 2026-10-10 18:00
  L : ## 2026-10-10 16:20
  M : ## 2026-10-10 19:30
  N : ## 2026-10-10 18:45
=== Prochain tour dans 60s ===
[2026-10-10 16:00:03] Tour de coordination...
--- RÉSUMÉ 2026-10-10 16:00:03 ---
  A : ## 2026-10-10 13:56
  B : ## 2026-10-10 13:59
  C : ## 2026-10-10 — POINT BLOQUANT LEVÉ : `Assets._DecorLib` EXISTE
  E : ## 2026-10-10 14:31
  F : ## 2026-10-10 14:34
  G : ## 2026-10-10 17:30
  H : ## 2026-10-10 16:20
  I : ## 2026-10-10 16:15
  J : ## 2026-10-10 16:42
  K : ## 2026-10-10 18:00
  L : ## 2026-10-10 16:45
  M : ## 2026-10-10 20:15
  N : ## 2026-10-10 19:15
=== Prochain tour dans 60s ===
[2026-10-10 16:01:16] Tour de coordination...
--- RÉSUMÉ 2026-10-10 16:01:16 ---
  A : ## 2026-10-10 13:56
  B : ## 2026-10-10 13:59
  C : ## 2026-10-10 — POINT BLOQUANT LEVÉ : `Assets._DecorLib` EXISTE
  E : ## 2026-10-10 14:31
  F : ## 2026-10-10 14:34
  G : ## 2026-10-10 17:30
  H : ## 2026-10-10 16:20
  I : ## 2026-10-10 16:30
  J : ## 2026-10-10 17:05
  K : ## 2026-10-10 18:15
  L : ## 2026-10-10 16:45
  M : ## 2026-10-10 20:15
  N : ## 2026-10-10 19:15
=== Prochain tour dans 60s ===
[2026-10-10 16:02:24] Tour de coordination...
--- RÉSUMÉ 2026-10-10 16:02:24 ---
  A : ## 2026-10-10 13:56
  B : ## 2026-10-10 13:59
  C : ## 2026-10-10 — POINT BLOQUANT LEVÉ : `Assets._DecorLib` EXISTE
  E : ## 2026-10-10 14:31
  F : ## 2026-10-10 14:34
  G : ## 2026-10-10 17:30
  H : ## 2026-10-10 16:20
  I : ## 2026-10-10 16:30
  J : ## 2026-10-10 17:05
  K : ## 2026-10-10 18:15
  L : ## 2026-10-10 16:45
  M : ## 2026-10-10 20:15
  N : ## 2026-10-10 19:15
=== Prochain tour dans 60s ===
[2026-10-10 16:03:31] Tour de coordination...
--- RÉSUMÉ 2026-10-10 16:03:31 ---
  A : ## 2026-10-10 13:56
  B : ## 2026-10-10 13:59
  C : ## 2026-10-10 — POINT BLOQUANT LEVÉ : `Assets._DecorLib` EXISTE
  E : ## 2026-10-10 14:31
  F : ## 2026-10-10 14:34
  G : ## 2026-10-10 17:30
  H : ## 2026-10-10 16:20
  I : ## 2026-10-10 16:30
  J : ## 2026-10-10 17:05
  K : ## 2026-10-10 18:15
  L : ## 2026-10-10 16:45
  M : ## 2026-10-10 20:15
  N : ## 2026-10-10 19:15
=== Prochain tour dans 60s ===
[2026-10-10 16:04:40] Tour de coordination...
--- RÉSUMÉ 2026-10-10 16:04:40 ---
  A : ## 2026-10-10 13:56
  B : ## 2026-10-10 13:59
  C : ## 2026-10-10 — POINT BLOQUANT LEVÉ : `Assets._DecorLib` EXISTE
  E : ## 2026-10-10 14:31
  F : ## 2026-10-10 14:34
  G : ## 2026-10-10 17:30
  H : ## 2026-10-10 16:20
  I : ## 2026-10-10 16:30
  J : ## 2026-10-10 17:05
  K : ## 2026-10-10 18:15
  L : ## 2026-10-10 16:45
  M : ## 2026-10-10 20:15
  N : ## 2026-10-10 19:15
=== Prochain tour dans 60s ===
[2026-10-10 16:05:49] Tour de coordination...
--- RÉSUMÉ 2026-10-10 16:05:49 ---
  A : ## 2026-10-10 13:56
  B : ## 2026-10-10 13:59
  C : ## 2026-10-10 — POINT BLOQUANT LEVÉ : `Assets._DecorLib` EXISTE
  E : ## 2026-10-10 14:31
  F : ## 2026-10-10 14:34
  G : ## 2026-10-10 17:30
  H : ## 2026-10-10 16:20
  I : ## 2026-10-10 16:30
  J : ## 2026-10-10 17:05
  K : ## 2026-10-10 18:15
  L : ## 2026-10-10 16:45
  M : ## 2026-10-10 20:15
  N : ## 2026-10-10 19:15
=== Prochain tour dans 60s ===
[2026-10-10 16:06:57] Tour de coordination...
--- RÉSUMÉ 2026-10-10 16:06:57 ---
  A : ## 2026-10-10 13:56
  B : ## 2026-10-10 13:59
  C : ## 2026-10-10 — POINT BLOQUANT LEVÉ : `Assets._DecorLib` EXISTE
  E : ## 2026-10-10 14:31
  F : ## 2026-10-10 14:34
  G : ## 2026-10-10 17:30
  H : ## 2026-10-10 16:20
  I : ## 2026-10-10 16:30
  J : ## 2026-10-10 19:00
  K : ## 2026-10-10 18:40
  L : ## 2026-10-10 16:45
  M : ## 2026-10-10 20:15
  N : ## 2026-10-10 19:15
=== Prochain tour dans 60s ===
[2026-10-10 16:08:03] Tour de coordination...
--- RÉSUMÉ 2026-10-10 16:08:03 ---
  A : ## 2026-10-10 13:56
  B : ## 2026-10-10 13:59
  C : ## 2026-10-10 — POINT BLOQUANT LEVÉ : `Assets._DecorLib` EXISTE
  E : ## 2026-10-10 14:31
  F : ## 2026-10-10 14:34
  G : ## 2026-10-10 17:30
  H : ## 2026-10-10 16:20
  I : ## 2026-10-10 18:15
  J : ## 2026-10-10 19:00
  K : ## 2026-10-10 18:40
  L : ## 2026-10-10 16:45
  M : ## 2026-10-12 20:55
  N : ## 2026-10-10 19:15
=== Prochain tour dans 60s ===
[2026-10-10 16:09:17] Tour de coordination...
--- RÉSUMÉ 2026-10-10 16:09:17 ---
  A : ## 2026-10-10 13:56
  B : ## 2026-10-10 13:59
  C : ## 2026-10-10 — POINT BLOQUANT LEVÉ : `Assets._DecorLib` EXISTE
  E : ## 2026-10-10 14:31
  F : ## 2026-10-10 14:34
  G : ## 2026-10-10 17:30
  H : ## 2026-10-10 16:20
  I : ## 2026-10-10 18:15
  J : ## 2026-10-10 19:00
  K : ## 2026-10-10 18:40
  L : ## 2026-10-10 16:45
  M : ## 2026-10-12 20:55
  N : ## 2026-10-12 22:45
=== Prochain tour dans 60s ===
[2026-10-10 16:10:29] Tour de coordination...
--- RÉSUMÉ 2026-10-10 16:10:29 ---
  A : ## 2026-10-10 13:56
  B : ## 2026-10-10 13:59
  C : ## 2026-10-10 — POINT BLOQUANT LEVÉ : `Assets._DecorLib` EXISTE
  E : ## 2026-10-10 14:31
  F : ## 2026-10-10 14:34
  G : ## 2026-10-10 18:10
  H : ## 2026-10-10 16:20
  I : ## 2026-10-10 18:15
  J : ## 2026-10-10 19:00
  K : ## 2026-10-10 18:40
  L : ## 2026-10-10 17:30
  M : ## 2026-10-12 20:55
  N : ## 2026-10-12 22:45
=== Prochain tour dans 60s ===
[2026-10-10 16:11:43] Tour de coordination...
--- RÉSUMÉ 2026-10-10 16:11:43 ---
  A : ## 2026-10-10 13:56
  B : ## 2026-10-10 13:59
  C : ## 2026-10-10 — POINT BLOQUANT LEVÉ : `Assets._DecorLib` EXISTE
  E : ## 2026-10-10 14:31
  F : ## 2026-10-10 14:34
  G : ## 2026-10-10 18:10
  H : ## 2026-10-10 16:20
  I : ## 2026-10-10 18:15
  J : ## 2026-10-10 19:00
  K : ## 2026-10-10 18:40
  L : ## 2026-10-10 17:30
  M : ## 2026-10-12 20:55
  N : ## 2026-10-12 22:45
=== Prochain tour dans 60s ===
[2026-10-10 16:12:50] Tour de coordination...
--- RÉSUMÉ 2026-10-10 16:12:50 ---
  A : ## 2026-10-10 13:56
  B : ## 2026-10-10 13:59
  C : ## 2026-10-10 — POINT BLOQUANT LEVÉ : `Assets._DecorLib` EXISTE
  E : ## 2026-10-10 14:31
  F : ## 2026-10-10 14:34
  G : ## 2026-10-10 18:10
  H : ## 2026-10-10 16:20
  I : ## 2026-10-10 18:15
  J : ## 2026-10-10 19:00
  K : ## 2026-10-10 18:40
  L : ## 2026-10-10 17:30
  M : ## 2026-10-12 20:55
  N : ## 2026-10-12 22:45
=== Prochain tour dans 60s ===
[2026-10-10 16:13:57] Tour de coordination...
--- RÉSUMÉ 2026-10-10 16:13:57 ---
  A : ## 2026-10-10 13:56
  B : ## 2026-10-10 13:59
  C : ## 2026-10-10 — POINT BLOQUANT LEVÉ : `Assets._DecorLib` EXISTE
  E : ## 2026-10-10 14:31
  F : ## 2026-10-10 14:34
  G : ## 2026-10-10 18:10
  H : ## 2026-10-10 16:20
  I : ## 2026-10-10 18:15
  J : ## 2026-10-10 19:00
  K : ## 2026-10-10 18:40
  L : ## 2026-10-10 17:30
  M : ## 2026-10-12 20:55
  N : ## 2026-10-12 22:45
=== Prochain tour dans 60s ===
[2026-10-10 16:15:05] Tour de coordination...
--- RÉSUMÉ 2026-10-10 16:15:05 ---
  A : ## 2026-10-10 13:56
  B : ## 2026-10-10 13:59
  C : ## 2026-10-10 — POINT BLOQUANT LEVÉ : `Assets._DecorLib` EXISTE
  E : ## 2026-10-10 14:31
  F : ## 2026-10-10 14:34
  G : ## 2026-10-10 18:10
  H : ## 2026-10-10 16:20
  I : ## 2026-10-10 18:15
  J : ## 2026-10-10 19:00
  K : ## 2026-10-10 18:40
  L : ## 2026-10-10 17:30
  M : ## 2026-10-12 20:55
  N : ## 2026-10-12 22:45
=== Prochain tour dans 60s ===
[2026-10-10 16:16:13] Tour de coordination...
--- RÉSUMÉ 2026-10-10 16:16:13 ---
  A : ## 2026-10-10 13:56
  B : ## 2026-10-10 13:59
  C : ## 2026-10-10 — POINT BLOQUANT LEVÉ : `Assets._DecorLib` EXISTE
  E : ## 2026-10-10 14:31
  F : ## 2026-10-10 14:34
  G : ## 2026-10-10 18:10
  H : ## 2026-10-10 16:20
  I : ## 2026-10-10 18:15
  J : ## 2026-10-10 19:00
  K : ## 2026-10-10 18:40
  L : ## 2026-10-10 17:30
  M : ## 2026-10-12 20:55
  N : ## 2026-10-12 22:45
=== Prochain tour dans 60s ===
[2026-10-10 16:17:19] Tour de coordination...
--- RÉSUMÉ 2026-10-10 16:17:19 ---
  A : ## 2026-10-10 13:56
  B : ## 2026-10-10 13:59
  C : ## 2026-10-10 — POINT BLOQUANT LEVÉ : `Assets._DecorLib` EXISTE
  E : ## 2026-10-10 14:31
  F : ## 2026-10-10 14:34
  G : ## 2026-10-10 18:10
  H : ## 2026-10-10 16:20
  I : ## 2026-10-10 18:15
  J : ## 2026-10-10 19:00
  K : ## 2026-10-10 18:40
  L : ## 2026-10-10 17:30
  M : ## 2026-10-12 20:55
  N : ## 2026-10-12 22:45
=== Prochain tour dans 60s ===
[2026-10-10 16:18:31] Tour de coordination...
--- RÉSUMÉ 2026-10-10 16:18:31 ---
  A : ## 2026-10-10 13:56
  B : ## 2026-10-10 13:59
  C : ## 2026-10-10 — POINT BLOQUANT LEVÉ : `Assets._DecorLib` EXISTE
  E : ## 2026-10-10 14:31
  F : ## 2026-10-10 14:34
  G : ## 2026-10-10 18:10
  H : ## 2026-10-10 16:20
  I : ## 2026-10-10 18:15
  J : ## 2026-10-10 19:00
  K : ## 2026-10-10 18:40
  L : ## 2026-10-10 17:30
  M : ## 2026-10-12 20:55
  N : ## 2026-10-12 22:45
=== Prochain tour dans 60s ===
[2026-10-10 16:19:46] Tour de coordination...
--- RÉSUMÉ 2026-10-10 16:19:46 ---
  A : ## 2026-10-10 13:56
  B : ## 2026-10-10 13:59
  C : ## 2026-10-10 — POINT BLOQUANT LEVÉ : `Assets._DecorLib` EXISTE
  E : ## 2026-10-10 14:31
  F : ## 2026-10-10 14:34
  G : ## 2026-10-10 18:10
  H : ## 2026-10-10 16:20
  I : ## 2026-10-10 18:15
  J : ## 2026-10-10 19:00
  K : ## 2026-10-10 18:40
  L : ## 2026-10-10 17:30
  M : ## 2026-10-12 20:55
  N : ## 2026-10-12 22:45
=== Prochain tour dans 60s ===
[2026-10-10 16:20:59] Tour de coordination...
--- RÉSUMÉ 2026-10-10 16:20:59 ---
  A : ## 2026-10-10 13:56
  B : ## 2026-10-10 13:59
  C : ## 2026-10-10 — POINT BLOQUANT LEVÉ : `Assets._DecorLib` EXISTE
  E : ## 2026-10-10 14:31
  F : ## 2026-10-10 14:34
  G : ## 2026-10-10 18:10
  H : ## 2026-10-10 16:20
  I : ## 2026-10-10 18:15
  J : ## 2026-10-10 19:00
  K : ## 2026-10-10 18:40
  L : ## 2026-10-10 17:30
  M : ## 2026-10-12 20:55
  N : ## 2026-10-12 22:45
=== Prochain tour dans 60s ===
[2026-10-10 16:22:10] Tour de coordination...
--- RÉSUMÉ 2026-10-10 16:22:10 ---
  A : ## Questions générales
  B : ## Questions générales
  C : ## Questions générales
  E : ## 2026-10-10 14:31
  F : ## 2026-10-10 14:34
  G : ## 2026-10-10 18:10
  H : ## 2026-10-10 16:20
  I : ## 2026-10-10 18:15
  J : ## 2026-10-10 19:00
  K : ## 2026-10-10 18:40
  L : ## 2026-10-10 17:30
  M : ## 2026-10-12 20:55
  N : ## 2026-10-12 22:45
=== Prochain tour dans 60s ===
[2026-10-10 16:23:18] Tour de coordination...
--- RÉSUMÉ 2026-10-10 16:23:18 ---
  A : ## 2026-10-10 21:00
  B : ## Questions générales
  C : ## Questions générales
  E : ## 2026-10-10 14:31
  F : ## 2026-10-10 14:34
  G : ## 2026-10-10 18:10
  H : ## 2026-10-10 16:20
  I : ## 2026-10-10 18:15
  J : ## 2026-10-10 19:00
  K : ## 2026-10-10 18:40
  L : ## 2026-10-10 17:30
  M : ## 2026-10-12 20:55
  N : ## 2026-10-12 22:45
=== Prochain tour dans 60s ===
[2026-10-10 16:24:29] Tour de coordination...
--- RÉSUMÉ 2026-10-10 16:24:29 ---
  A : ## 2026-10-10 21:00
  B : ## Questions générales
  C : ## Questions générales
  E : ## 2026-10-10 14:31
  F : ## 2026-10-10 14:34
  G : ## 2026-10-10 18:10
  H : ## 2026-10-10 16:20
  I : ## 2026-10-10 18:15
  J : ## 2026-10-10 19:00
  K : ## 2026-10-10 18:40
  L : ## 2026-10-10 17:30
  M : ## 2026-10-12 20:55
  N : ## 2026-10-12 22:45
=== Prochain tour dans 60s ===
[2026-10-10 16:25:40] Tour de coordination...
--- RÉSUMÉ 2026-10-10 16:25:40 ---
  A : ## 2026-10-10 21:00
  B : ## Questions générales
  C : ## Questions générales
  E : ## 2026-10-10 14:31
  F : ## 2026-10-10 14:34
  G : ## 2026-10-10 18:10
  H : ## 2026-10-10 16:20
  I : ## 2026-10-10 18:15
  J : ## 2026-10-10 19:00
  K : ## 2026-10-10 18:40
  L : ## 2026-10-10 17:30
  M : ## 2026-10-12 20:55
  N : ## 2026-10-12 22:45
=== Prochain tour dans 60s ===
[2026-10-10 16:26:54] Tour de coordination...
--- RÉSUMÉ 2026-10-10 16:26:54 ---
  A : ## 2026-10-10 21:00
  B : ## Questions générales
  C : ## Questions générales
  E : ## 2026-10-10 14:31
  F : ## 2026-10-10 14:34
  G : ## 2026-10-10 18:10
  H : ## 2026-10-10 16:20
  I : ## 2026-10-10 19:00
  J : ## 2026-10-10 19:00
  K : ## 2026-10-10 18:40
  L : ## 2026-10-10 17:30
  M : ## 2026-10-10 21:15
  N : ## 2026-10-12 22:45
=== Prochain tour dans 60s ===
[2026-10-10 16:28:02] Tour de coordination...
--- RÉSUMÉ 2026-10-10 16:28:02 ---
  A : ## 2026-10-10 21:00
  B : ## Questions générales
  C : ## Questions générales
  E : ## 2026-10-10 14:31
  F : ## 2026-10-10 14:34
  G : ## 2026-10-10 18:10
  H : ## 2026-10-10 16:20
  I : ## 2026-10-10 19:00
  J : ## 2026-10-10 19:00
  K : ## 2026-10-10 18:40
  L : ## 2026-10-10 17:30
  M : ## 2026-10-10 21:15
  N : ## 2026-10-12 22:45
=== Prochain tour dans 60s ===
[2026-10-10 16:29:20] Tour de coordination...
--- RÉSUMÉ 2026-10-10 16:29:20 ---
  A : ## 2026-10-10 21:00
  B : ## Questions générales
  C : ## Questions générales
  E : ## 2026-10-10 14:31
  F : ## 2026-10-10 14:34
  G : ## 2026-10-10 18:10
  H : ## 2026-10-10 17:05
  I : ## 2026-10-10 19:00
  J : ## 2026-10-10 19:00
  K : ## 2026-10-10 18:40
  L : ## 2026-10-10 17:30
  M : ## 2026-10-10 21:15
  N : ## 2026-10-12 22:45
=== Prochain tour dans 60s ===
[2026-10-10 16:30:35] Tour de coordination...
--- RÉSUMÉ 2026-10-10 16:30:35 ---
  A : ## 2026-10-11 — CYCLE 1 étapes 1 & 2 livrées
  B : ## Questions générales
  C : ## Questions générales
  E : ## 2026-10-10 14:31
  F : ## 2026-10-10 14:34
  G : ## 2026-10-10 18:10
  H : ## 2026-10-10 17:05
  I : ## 2026-10-10 19:00
  J : ## 2026-10-10 19:00
  K : ## 2026-10-10 18:40
  L : ## 2026-10-10 17:30
  M : ## 2026-10-10 21:15
  N : ## 2026-10-12 22:45
=== Prochain tour dans 60s ===
[2026-10-10 16:31:42] Tour de coordination...
--- RÉSUMÉ 2026-10-10 16:31:42 ---
  A : ## 2026-10-11 — CYCLE 1 étapes 1 & 2 livrées
  B : ## Questions générales
  C : ## Questions générales
  E : ## 2026-10-10 14:31
  F : ## 2026-10-10 14:34
  G : ## 2026-10-10 18:10
  H : ## 2026-10-10 17:05
  I : ## 2026-10-10 19:00
  J : ## 2026-10-10 19:00
  K : ## 2026-10-10 18:40
  L : ## 2026-10-10 17:30
  M : ## 2026-10-10 21:15
  N : ## 2026-10-12 22:45
=== Prochain tour dans 60s ===
[2026-10-10 16:32:49] Tour de coordination...
--- RÉSUMÉ 2026-10-10 16:32:49 ---
  A : ## 2026-10-11 — CYCLE 1 étapes 1 & 2 livrées
  B : ## Questions générales
  C : ## 2026-10-10 — POINT BLOQUANT LEVÉ : `Assets._DecorLib` EXISTE
  E : ## 2026-10-10 14:31
  F : ## 2026-10-10 14:34
  G : ## 2026-10-10 18:10
  H : ## 2026-10-10 17:05
  I : ## 2026-10-10 19:00
  J : ## 2026-10-10 19:00
  K : ## 2026-10-10 18:40
  L : ## 2026-10-10 17:30
  M : ## 2026-10-10 21:30
  N : ## 2026-10-12 22:45
=== Prochain tour dans 60s ===
[2026-10-10 16:34:05] Tour de coordination...
--- RÉSUMÉ 2026-10-10 16:34:05 ---
  A : ## 2026-10-11 — CYCLE 1 étapes 1 & 2 livrées
  B : ## Questions générales
  C : ## 2026-10-10 — POINT BLOQUANT LEVÉ : `Assets._DecorLib` EXISTE
  E : ## 2026-10-10 14:31
  F : ## 2026-10-10 14:34
  G : ## 2026-10-10 18:10
  H : ## 2026-10-10 17:05
  I : ## 2026-10-10 19:00
  J : ## 2026-10-10 19:00
  K : ## 2026-10-10 18:40
  L : ## 2026-10-10 17:30
  M : ## 2026-10-10 21:30
  N : ## 2026-10-12 22:45
=== Prochain tour dans 60s ===
[2026-10-10 16:35:15] Tour de coordination...
--- RÉSUMÉ 2026-10-10 16:35:15 ---
  A : ## 2026-10-11 — CYCLE 1 étapes 1 & 2 livrées
  B : ## Questions générales
  C : ## 2026-10-10 — POINT BLOQUANT LEVÉ : `Assets._DecorLib` EXISTE
  E : ## 2026-10-10 14:31
  F : ## 2026-10-10 14:34
  G : ## 2026-10-10 18:10
  H : ## 2026-10-10 17:05
  I : ## 2026-10-10 19:00
  J : ## 2026-10-10 19:00
  K : ## 2026-10-10 18:40
  L : ## 2026-10-11 09:15 — CYCLE 1 "PREMIERS PAS" complété
  M : ## 2026-10-10 21:30
  N : ## 2026-10-12 22:45
=== Prochain tour dans 60s ===
[2026-10-10 16:36:24] Tour de coordination...
--- RÉSUMÉ 2026-10-10 16:36:24 ---
  A : ## 2026-10-11 — CYCLE 1 étapes 1 & 2 livrées
  B : ## Questions générales
  C : ## 2026-10-10 — POINT BLOQUANT LEVÉ : `Assets._DecorLib` EXISTE
  E : ## 2026-10-10 14:31
  F : ## 2026-10-10 14:34
  G : ## 2026-10-10 18:10
  H : ## 2026-10-10 17:05
  I : ## 2026-10-10 19:00
  J : ## 2026-10-10 19:00
  K : ## 2026-10-10 18:40
  L : ## 2026-10-11 09:15 — CYCLE 1 "PREMIERS PAS" complété
  M : ## 2026-10-10 21:30
  N : ## 2026-10-12 22:45
=== Prochain tour dans 60s ===
[2026-10-10 16:37:37] Tour de coordination...
--- RÉSUMÉ 2026-10-10 16:37:37 ---
  A : ## 2026-10-11 — CYCLE 1 étapes 1 & 2 livrées
  B : ## Questions générales
  C : ## 2026-10-10 — POINT BLOQUANT LEVÉ : `Assets._DecorLib` EXISTE
  E : ## 2026-10-10 14:31
  F : ## 2026-10-10 14:34
  G : ## 2026-10-10 18:10
  H : ## 2026-10-10 17:05
  I : ## 2026-10-10 19:00
  J : ## 2026-10-10 19:00
  K : ## 2026-10-10 18:40
  L : ## 2026-10-11 09:15 — CYCLE 1 "PREMIERS PAS" complété
  M : ## 2026-10-10 22:10
  N : ## 2026-10-12 22:45
=== Prochain tour dans 60s ===
