[0m
> build · nemotron-3-ultra-free
[0m→ [0mRead docs/GDD_REEF.md [90m[limit=80][0m
> build · nemotron-3-ultra-free
[0m→ [0mRead docs/GDD_REEF.md [90m[limit=100, offset=80][0m
> build · nemotron-3-ultra-free
[0m→ [0mRead docs/GDD_REEF.md [90m[limit=100, offset=179][0m
> build · nemotron-3-ultra-free
[0m→ [0mRead docs/GDD_REEF.md [90m[limit=100, offset=278][0m
> build · nemotron-3-ultra-free
[0m→ [0mRead docs/GDD_REEF.md [90m[limit=100, offset=377][0m
> build · nemotron-3-ultra-free
[0m→ [0mRead docs/GDD_REEF.md [90m[offset=476, limit=80][0m
> build · nemotron-3-ultra-free
Now I have a complete picture. Let me make the comprehensive updates to all required files.
[0m→ [0mRead docs/SECRET_EPAVE.md 
[0m→ [0mRead docs/PREMIERE_HEURE.md 
[0m→ [0mRead docs/SEMAINE_2.md 
> build · nemotron-3-ultra-free
[0m→ [0mRead docs/DIRECTION_V2.md 
[0m→ [0mRead docs/AUDIT_TOP10.md 
> build · nemotron-3-ultra-free
Now I'll make the comprehensive updates. Let me start with the full GDD_REEF.md rewrite for the MMORPG scope.
[91m[1mError: [0mStreaming response failed: [504] Upstream idle timeout exceeded
> build · nemotron-3-ultra-free
[91m[1mError: [0mStreaming response failed: [504] Upstream idle timeout exceeded
> build · nemotron-3-ultra-free
