[0m
> build · nemotron-3-ultra-free
[0m→ [0mRead docs/INBOX/T.md [90m[limit=20][0m
> build · nemotron-3-ultra-free
[0m← [0mEdit docs/INBOX/T.md
Index: docs/INBOX/T.md
===================================================================
--- docs/INBOX/T.md
+++ docs/INBOX/T.md
@@ -1,4 +1,19 @@
+## 2026-10-10 20:00
+FAIT     : Config.Island{} specs Phase 1 — center, size=600, coveRadius=110, seaMargin=30, spawnYMin/Max, towerRadius=16, rings[3] (70-150/150-225/225-300), POIs[3] (Belvédère/Epave/Recif) ; build_island_terrain.luau génère île 600x600, 8 lagons r=30
+VÉRIFIÉ  : Spécifications alignées contrat v2.1 (Config.Island, Config.Rings, Config.Wave), DA_MONDE §0-4, TABLEAU P1-36
+BESOIN   : C implémente build_island_terrain.luau lundi ; A confirme Config.Island values ; D valide coveRadius=110 vs 70
+
+## 2026-10-10 19:45
+FAIT     : 3 POI specs détaillés — Belvédère (sommet falaise h=30, safe spot, vue vague), Épave (repère visible + inscription Config.WreckInscription + empreinte lumineuse pulse marées), Récif marée extrême (0,0,335 r=30, 6 créatures rares 25s, 1 Golden garantie)
+VÉRIFIÉ  : Belvédère h=30 < tour Y=34 (cohérent vague 30) ; Épave inscription lisible 3s (DECISIONS_MARCHE §3) ; Récif visible depuis plage
+BESOIN   : C assets POI (mesh falaise/arche, épave modulaire, coraux récif) ; A Config.WreckInscription string ; K particule empreinte lumineuse
+
+## 2026-10-10 19:30
+FAIT     : Navigation & découverte Phase 1 — Boussole HUD (B) + direction vague N/E/S/O (pas carte) ; Brume de guerre révélée par proximity ; Waypoints visuels (tours Y=34, phare, épave) ; Secrets Phase 2 notés (grottes sous-marines, trésors engloutis, journal fragments O/Story)
+VÉRIFIÉ  : Boussole = seul outil nav (décision D) ; Fog of war client-side, reset par cycle ; Tours/phare/épave = landmarks visibles 100+ studs
+BESOIN   : B implémente boussole + fog of war reveal ; C tours Y=34 + phare visible ; O journal fragments specs Phase 2
+
 ## 2026-10-10 19:00
 FAIT     : Alignment monétisation — Housing zones/Guild Hall plots = cosmetic-only (zéro paywall, zéro puissance) ; Exploration rewards = skins/trails/themes ; Battle Pass cosmetics tied to world events (Extreme Tide, World Boss) ; Free player accès complet monde
 VÉRIFIÉ  : Plan Phase 1 déjà compatible (POI accessibles à tous, marée extrême gratuite, streaming gratuit)
 BESOIN   : C implémente housing/guild plots zones visuelles ; K shader skins créatures ; G BattlePassService events hooks ; O lore skins (Abyssal, Corail, Aurore)

> build · nemotron-3-ultra-free
[91m[1mError: [0mRate limit exceeded. Please try again later.
